[index-2.html]
[backblue.gif]
[fade.gif]
[index.html]
[images/favicon.ico]
[_next/static/css/8359a60871663eec.css]
[index-3.html]
[_next/static/css/1152ae86f325f3a4.css]
[_next/static/chunks/polyfills-c67a75d1b6f99dc8.js]
[_next/static/chunks/webpack-9aecfe8bab94b90f.js]
[_next/static/chunks/framework-0ba0ddd33199226d.js]
[_next/static/chunks/main-dfd1d2a7fdffd74d.js]
[_next/static/chunks/pages/_app-036eee3b03718649.js]
[_next/static/chunks/pages/index-a6bb91643712cc9a.js]
[_next/static/chunks/618-223c844e3365deb1.js]
[_next/static/KihgX9Dss8Q4NGfnQG-B8/_buildManifest.js]
[_next/static/KihgX9Dss8Q4NGfnQG-B8/_ssgManifest.js]
[images/logo_red.png]
[images/covers/1.png]
[images/icons/twitter.svg]
[images/icons/etherscan.svg]
[images/icons/opensea.svg]
[images/covers/2.png]
[index-2.html]
[index-3.html]
[index-4.html]
[_next/static/chunks/webpack-9aecfe8bab94b90f.js]
[_next/static/chunks/framework-0ba0ddd33199226d.js]
[_next/static/chunks/polyfills-c67a75d1b6f99dc8.js]
[_next/static/chunks/main-dfd1d2a7fdffd74d.js]
[images/bg.jpg]
[_next/static/chunks/pages/_app-036eee3b03718649.js]
[_next/static/chunks/618-223c844e3365deb1.js]
[images/covers/1.png]
[_next/static/chunks/pages/index-a6bb91643712cc9a.js]
[images/bg-2.jpg]
[images/covers/2.png]
[images/bg-vision.jpg]
[images/pattern.jpg]
[images/pattern2.jpg]
[_next/static/css/8359a60871663eec.css]
[_next/static/media/revicons.ff59b316.woff]
[_next/static/media/revicons.b96bdb22.ttf]
[_next/static/css/1152ae86f325f3a4.css]
[images/icons/twitter.svg]
[images/icons/etherscan.svg]
[images/icons/opensea.svg]
[_next/static/media/revicons.652e7269.eot]
